// Jest Snapshot v1, https://goo.gl/fbAQLP

exports[`Fine-grained Assertions Tests Snapshot test 1`] = `
{
  "Parameters": {
    "BootstrapVersion": {
      "Default": "/cdk-bootstrap/hnb659fds/version",
      "Description": "Version of the CDK Bootstrap resources in this environment, automatically retrieved from SSM Parameter Store. [cdk:skip]",
      "Type": "AWS::SSM::Parameter::Value<String>",
    },
  },
  "Resources": {
    "CustomImageScannerWithTrivyCustomResourceLambda470b6343d267f753226c1e99f09f319a884A34E3": {
      "DependsOn": [
        "CustomImageScannerWithTrivyCustomResourceLambda470b6343d267f753226c1e99f09f319aServiceRoleDefaultPolicyB1A38321",
        "CustomImageScannerWithTrivyCustomResourceLambda470b6343d267f753226c1e99f09f319aServiceRole676D3F17",
      ],
      "Properties": {
        "Architectures": [
          "arm64",
        ],
        "Code": {
          "ImageUri": {
            "Fn::Sub": "\${AWS::AccountId}.dkr.ecr.\${AWS::Region}.\${AWS::URLSuffix}/cdk-hnb659fds-container-assets-\${AWS::AccountId}-\${AWS::Region}:81545a70461d1e74eba9366a56f1d2759ed6b9017cb074e0468495a88ec64690",
          },
        },
        "MemorySize": 3008,
        "PackageType": "Image",
        "Role": {
          "Fn::GetAtt": [
            "CustomImageScannerWithTrivyCustomResourceLambda470b6343d267f753226c1e99f09f319aServiceRole676D3F17",
            "Arn",
          ],
        },
        "Timeout": 900,
      },
      "Type": "AWS::Lambda::Function",
    },
    "CustomImageScannerWithTrivyCustomResourceLambda470b6343d267f753226c1e99f09f319aEventInvokeConfig2DEF6CCE": {
      "Properties": {
        "FunctionName": {
          "Ref": "CustomImageScannerWithTrivyCustomResourceLambda470b6343d267f753226c1e99f09f319a884A34E3",
        },
        "MaximumRetryAttempts": 0,
        "Qualifier": "$LATEST",
      },
      "Type": "AWS::Lambda::EventInvokeConfig",
    },
    "CustomImageScannerWithTrivyCustomResourceLambda470b6343d267f753226c1e99f09f319aServiceRole676D3F17": {
      "Properties": {
        "AssumeRolePolicyDocument": {
          "Statement": [
            {
              "Action": "sts:AssumeRole",
              "Effect": "Allow",
              "Principal": {
                "Service": "lambda.amazonaws.com",
              },
            },
          ],
          "Version": "2012-10-17",
        },
        "ManagedPolicyArns": [
          {
            "Fn::Join": [
              "",
              [
                "arn:",
                {
                  "Ref": "AWS::Partition",
                },
                ":iam::aws:policy/service-role/AWSLambdaBasicExecutionRole",
              ],
            ],
          },
        ],
      },
      "Type": "AWS::IAM::Role",
    },
    "CustomImageScannerWithTrivyCustomResourceLambda470b6343d267f753226c1e99f09f319aServiceRoleDefaultPolicyB1A38321": {
      "Properties": {
        "PolicyDocument": {
          "Statement": [
            {
              "Action": [
                "ecr:BatchCheckLayerAvailability",
                "ecr:GetDownloadUrlForLayer",
                "ecr:BatchGetImage",
              ],
              "Effect": "Allow",
              "Resource": {
                "Fn::GetAtt": [
                  "ImageRepositoryBBCBC9DF",
                  "Arn",
                ],
              },
            },
            {
              "Action": "ecr:GetAuthorizationToken",
              "Effect": "Allow",
              "Resource": "*",
            },
          ],
          "Version": "2012-10-17",
        },
        "PolicyName": "CustomImageScannerWithTrivyCustomResourceLambda470b6343d267f753226c1e99f09f319aServiceRoleDefaultPolicyB1A38321",
        "Roles": [
          {
            "Ref": "CustomImageScannerWithTrivyCustomResourceLambda470b6343d267f753226c1e99f09f319aServiceRole676D3F17",
          },
        ],
      },
      "Type": "AWS::IAM::Policy",
    },
    "ImageRepositoryBBCBC9DF": {
      "DeletionPolicy": "Retain",
      "Type": "AWS::ECR::Repository",
      "UpdateReplacePolicy": "Retain",
    },
    "ImageScannerWithTrivy": {
      "DeletionPolicy": "Delete",
      "Properties": {
        "ServiceToken": {
          "Fn::GetAtt": [
            "ImageScannerWithTrivyProviderframeworkonEvent7AD0141E",
            "Arn",
          ],
        },
        "addr": "c86a2a03c1252a9e84323d4e55c74690e11e4a44ce",
        "exitCode": 1,
        "exitOnEol": 1,
        "ignoreUnfixed": true,
        "imageConfigScanners": [],
        "imageUri": "imageUri",
        "scanners": [
          "vuln",
          "secret",
        ],
        "severity": [
          "CRITICAL",
          "HIGH",
        ],
        "trivyIgnore": [
          "CVE-2023-37920",
          "CVE-2019-14697 exp:2023-01-01",
        ],
      },
      "Type": "Custom::ImageScannerWithTrivy",
      "UpdateReplacePolicy": "Delete",
    },
    "ImageScannerWithTrivyProviderframeworkonEvent7AD0141E": {
      "DependsOn": [
        "ImageScannerWithTrivyProviderframeworkonEventServiceRoleDefaultPolicy1013358F",
        "ImageScannerWithTrivyProviderframeworkonEventServiceRoleA9C12442",
      ],
      "Properties": {
        "Code": {
          "S3Bucket": {
            "Fn::Sub": "cdk-hnb659fds-assets-\${AWS::AccountId}-\${AWS::Region}",
          },
          "S3Key": "HASH-REPLACED.zip",
        },
        "Description": "AWS CDK resource provider framework - onEvent (TestStack/ImageScannerWithTrivy/Provider)",
        "Environment": {
          "Variables": {
            "USER_ON_EVENT_FUNCTION_ARN": {
              "Fn::GetAtt": [
                "CustomImageScannerWithTrivyCustomResourceLambda470b6343d267f753226c1e99f09f319a884A34E3",
                "Arn",
              ],
            },
          },
        },
        "Handler": "framework.onEvent",
        "Role": {
          "Fn::GetAtt": [
            "ImageScannerWithTrivyProviderframeworkonEventServiceRoleA9C12442",
            "Arn",
          ],
        },
        "Runtime": "nodejs18.x",
        "Timeout": 900,
      },
      "Type": "AWS::Lambda::Function",
    },
    "ImageScannerWithTrivyProviderframeworkonEventServiceRoleA9C12442": {
      "Properties": {
        "AssumeRolePolicyDocument": {
          "Statement": [
            {
              "Action": "sts:AssumeRole",
              "Effect": "Allow",
              "Principal": {
                "Service": "lambda.amazonaws.com",
              },
            },
          ],
          "Version": "2012-10-17",
        },
        "ManagedPolicyArns": [
          {
            "Fn::Join": [
              "",
              [
                "arn:",
                {
                  "Ref": "AWS::Partition",
                },
                ":iam::aws:policy/service-role/AWSLambdaBasicExecutionRole",
              ],
            ],
          },
        ],
      },
      "Type": "AWS::IAM::Role",
    },
    "ImageScannerWithTrivyProviderframeworkonEventServiceRoleDefaultPolicy1013358F": {
      "Properties": {
        "PolicyDocument": {
          "Statement": [
            {
              "Action": "lambda:InvokeFunction",
              "Effect": "Allow",
              "Resource": [
                {
                  "Fn::GetAtt": [
                    "CustomImageScannerWithTrivyCustomResourceLambda470b6343d267f753226c1e99f09f319a884A34E3",
                    "Arn",
                  ],
                },
                {
                  "Fn::Join": [
                    "",
                    [
                      {
                        "Fn::GetAtt": [
                          "CustomImageScannerWithTrivyCustomResourceLambda470b6343d267f753226c1e99f09f319a884A34E3",
                          "Arn",
                        ],
                      },
                      ":*",
                    ],
                  ],
                },
              ],
            },
          ],
          "Version": "2012-10-17",
        },
        "PolicyName": "ImageScannerWithTrivyProviderframeworkonEventServiceRoleDefaultPolicy1013358F",
        "Roles": [
          {
            "Ref": "ImageScannerWithTrivyProviderframeworkonEventServiceRoleA9C12442",
          },
        ],
      },
      "Type": "AWS::IAM::Policy",
    },
  },
  "Rules": {
    "CheckBootstrapVersion": {
      "Assertions": [
        {
          "Assert": {
            "Fn::Not": [
              {
                "Fn::Contains": [
                  [
                    "1",
                    "2",
                    "3",
                    "4",
                    "5",
                  ],
                  {
                    "Ref": "BootstrapVersion",
                  },
                ],
              },
            ],
          },
          "AssertDescription": "CDK bootstrap stack version 6 required. Please run 'cdk bootstrap' with a recent version of the CDK CLI.",
        },
      ],
    },
  },
}
`;
